// Jest Snapshot v1, https://goo.gl/fbAQLP

exports[`No Config Test builds the correct output 1`] = `
Object {
  "children": Array [
    Object {
      "children": Array [
        Object {
          "extension": ".html",
          "name": "index.html",
          "path": "<TEMP_DIR>/_underreact-site/index.html",
          "size": 1904,
          "type": "file",
        },
        Object {
          "children": Array [
            Object {
              "extension": ".js",
              "name": "main-9d92f92f30.chunk.js",
              "path": "<TEMP_DIR>/_underreact-site/underreact-assets/main-9d92f92f30.chunk.js",
              "size": 1297,
              "type": "file",
            },
            Object {
              "extension": ".js",
              "name": "runtime-912ed6ecb8.js",
              "path": "<TEMP_DIR>/_underreact-site/underreact-assets/runtime-912ed6ecb8.js",
              "size": 1468,
              "type": "file",
            },
            Object {
              "extension": ".js",
              "name": "vendor-b00bbe6085.chunk.js",
              "path": "<TEMP_DIR>/_underreact-site/underreact-assets/vendor-b00bbe6085.chunk.js",
              "size": 175,
              "type": "file",
            },
          ],
          "name": "underreact-assets",
          "path": "<TEMP_DIR>/_underreact-site/underreact-assets",
          "size": 2940,
          "type": "directory",
        },
      ],
      "name": "_underreact-site",
      "path": "<TEMP_DIR>/_underreact-site",
      "size": 4844,
      "type": "directory",
    },
    Object {
      "children": Array [
        Object {
          "children": Array [
            Object {
              "extension": ".js",
              "name": "index.js",
              "path": "<TEMP_DIR>/node_modules/react/index.js",
              "size": 21,
              "type": "file",
            },
            Object {
              "extension": ".json",
              "name": "package.json",
              "path": "<TEMP_DIR>/node_modules/react/package.json",
              "size": 232,
              "type": "file",
            },
          ],
          "name": "react",
          "path": "<TEMP_DIR>/node_modules/react",
          "size": 253,
          "type": "directory",
        },
        Object {
          "children": Array [
            Object {
              "extension": ".js",
              "name": "index.js",
              "path": "<TEMP_DIR>/node_modules/react-dom/index.js",
              "size": 25,
              "type": "file",
            },
            Object {
              "extension": ".json",
              "name": "package.json",
              "path": "<TEMP_DIR>/node_modules/react-dom/package.json",
              "size": 236,
              "type": "file",
            },
          ],
          "name": "react-dom",
          "path": "<TEMP_DIR>/node_modules/react-dom",
          "size": 261,
          "type": "directory",
        },
      ],
      "name": "node_modules",
      "path": "<TEMP_DIR>/node_modules",
      "size": 514,
      "type": "directory",
    },
    Object {
      "children": Array [
        Object {
          "extension": ".js",
          "name": "app.js",
          "path": "<TEMP_DIR>/src/app.js",
          "size": 163,
          "type": "file",
        },
        Object {
          "extension": ".js",
          "name": "entry.js",
          "path": "<TEMP_DIR>/src/entry.js",
          "size": 145,
          "type": "file",
        },
      ],
      "name": "src",
      "path": "<TEMP_DIR>/src",
      "size": 308,
      "type": "directory",
    },
    Object {
      "extension": ".js",
      "name": "underreact.config.js",
      "path": "<TEMP_DIR>/underreact.config.js",
      "size": 43,
      "type": "file",
    },
  ],
  "name": "test",
  "path": "<TEMP_DIR>",
  "size": 5709,
  "type": "directory",
}
`;
