// Jest Snapshot v1, https://goo.gl/fbAQLP

exports[`with a URL output contains each CSS file in order 1`] = `
"#bar { color: yellow; }#a {
  color: blue;
}#baz { color: pink; }
/*# sourceMappingURL=output.css.map */"
`;

exports[`with external source map output contains each CSS file in order, with an external source map 1`] = `
"#a {
  color: blue;
}#c {
  color: purple;
  background-image: url('something_2cc5d05.png');
}#b {
  color: red;
}

/*# sourceMappingURL=output.css.map */"
`;

exports[`with external source map source map written 1`] = `"{\\"version\\":3,\\"sources\\":[\\"../../../../../../..<PROJECT_ROOT>/packages/postcss-concatenator/__tests__/fixtures/a.css\\",\\"../../../../../../..<PROJECT_ROOT>/packages/postcss-concatenator/__tests__/fixtures/nested/c.css\\",\\"../../../../../../..<PROJECT_ROOT>/packages/postcss-concatenator/__tests__/fixtures/b.css\\"],\\"names\\":[],\\"mappings\\":\\"AAAA;EACE,YAAY;CACb,ACFD;EACE,cAAc;EACd,+CAAsD;CACvD,ACHD;EACE,WAAW;CACZ\\",\\"file\\":\\"output.css\\",\\"sourcesContent\\":[\\"#a {/n  color: blue;/n}/n\\",\\"#c {/n  color: purple;/n  background-image: url('./nested-again/something.png');/n}/n\\",\\"#b {/n  color: red;/n}/n\\"]}"`;

exports[`with inline source map nice error when PostCSS fails to parse 1`] = `
"PostCSS error: <PROJECT_ROOT>/packages/postcss-concatenator/__tests__/fixtures/invalid.css:2:3: Unknown word
 [90m 1 | [39m[35m#invalid[39m [33m{[39m
[31m[1m>[22m[39m[90m 2 | [39m  foo 7
 [90m   | [39m  [31m[1m^[22m[39m
 [90m 3 | [39m[33m}[39m
 [90m 4 | [39m"
`;

exports[`with inline source map output contains each CSS file in order, with an inline source map 1`] = `
"#a {
  color: blue;
}#c {
  color: purple;
  background-image: url('something_2cc5d05.png');
}#b {
  color: red;
}

"
`;
